
> courseplatform@0.1.0 build
> node --max-old-space-size=8192 ./node_modules/next/dist/bin/next build

npm : node:internal/module
s/cjs/loader:1145
At line:1 char:1
+ npm run build > 
build_output.txt 2>&1
+ ~~~~~~~~~~~~~~~~~~~~~~~~
~~~~~~~~~~~~~
    + CategoryInfo        
      : NotSpecified: (n  
  ode:internal/modules/   
 cjs/loader:1145:Strin    
g) [], RemoteExceptio    n
    + FullyQualifiedError 
   Id : NativeCommandErr  
  or
 
  throw err;
  ^

Error: Cannot find module 
'D:\Course Platform\node_m
odules\next\dist\bin\next'
    at 
Module._resolveFilename (n
ode:internal/modules/cjs/l
oader:1142:15)
    at Module._load (node:
internal/modules/cjs/loade
r:983:27)
    at Function.executeUse
rEntryPoint [as runMain] (
node:internal/modules/run_
main:142:12)
    at node:internal/main/
run_main_module:28:49 {
  code: 
'MODULE_NOT_FOUND',
  requireStack: []
}

Node.js v21.7.1
