app/admin/batches/delete/[id]/page.tsx(3,38): error TS2307: Cannot find module 'next/navigation' or its corresponding type declarations.
app/admin/batches/edit/[id]/page.tsx(3,26): error TS2307: Cannot find module 'react' or its corresponding type declarations.
app/admin/batches/edit/[id]/page.tsx(4,18): error TS2307: Cannot find module 'next/link' or its corresponding type declarations.
app/admin/batches/edit/[id]/page.tsx(5,29): error TS2307: Cannot find module 'lucide-react' or its corresponding type declarations.
app/admin/batches/edit/[id]/page.tsx(6,27): error TS2307: Cannot find module 'next/navigation' or its corresponding type declarations.
app/admin/batches/new/page.tsx(3,26): error TS2307: Cannot find module 'react' or its corresponding type declarations.
app/admin/batches/new/page.tsx(4,18): error TS2307: Cannot find module 'next/link' or its corresponding type declarations.
app/admin/batches/new/page.tsx(5,29): error TS2307: Cannot find module 'lucide-react' or its corresponding type declarations.
app/admin/batches/page.tsx(3,26): error TS2307: Cannot find module 'react' or its corresponding type declarations.
app/admin/batches/page.tsx(4,18): error TS2307: Cannot find module 'next/link' or its corresponding type declarations.
app/admin/batches/page.tsx(5,67): error TS2307: Cannot find module 'lucide-react' or its corresponding type declarations.
app/admin/dashboard/page.tsx(13,8): error TS2307: Cannot find module 'lucide-react' or its corresponding type declarations.
app/admin/dashboard/page.tsx(14,18): error TS2307: Cannot find module 'next/link' or its corresponding type declarations.
app/admin/institutions/delete/[id]/page.tsx(3,38): error TS2307: Cannot find module 'next/navigation' or its corresponding type declarations.
app/admin/institutions/delete/[id]/page.tsx(4,37): error TS2307: Cannot find module 'react' or its corresponding type declarations.
app/admin/institutions/delete/[id]/page.tsx(5,18): error TS2307: Cannot find module 'next/link' or its corresponding type declarations.
app/admin/institutions/edit/[id]/page.tsx(3,37): error TS2307: Cannot find module 'react' or its corresponding type declarations.
app/admin/institutions/edit/[id]/page.tsx(4,38): error TS2307: Cannot find module 'next/navigation' or its corresponding type declarations.
app/admin/institutions/edit/[id]/page.tsx(5,18): error TS2307: Cannot find module 'next/link' or its corresponding type declarations.
app/admin/institutions/edit/[id]/page.tsx(6,30): error TS2307: Cannot find module 'lucide-react' or its corresponding type declarations.
app/admin/institutions/edit/[id]/page.tsx(51,24): error TS7006: Parameter '_' implicitly has an 'any' type.
app/admin/institutions/edit/[id]/page.tsx(51,26): error TS7006: Parameter 'i' implicitly has an 'any' type.
app/admin/institutions/edit/[id]/page.tsx(195,26): error TS7006: Parameter 'contact' implicitly has an 'any' type.
app/admin/institutions/edit/[id]/page.tsx(195,34): error TS7006: Parameter 'index' implicitly has an 'any' type.
app/admin/institutions/new/page.tsx(3,26): error TS2307: Cannot find module 'react' or its corresponding type declarations.
app/admin/institutions/new/page.tsx(4,27): error TS2307: Cannot find module 'next/navigation' or its corresponding type declarations.
app/admin/institutions/new/page.tsx(5,18): error TS2307: Cannot find module 'next/link' or its corresponding type declarations.
app/admin/institutions/new/page.tsx(6,30): error TS2307: Cannot find module 'lucide-react' or its corresponding type declarations.
app/admin/institutions/new/page.tsx(27,38): error TS7006: Parameter '_' implicitly has an 'any' type.
app/admin/institutions/new/page.tsx(27,40): error TS7006: Parameter 'i' implicitly has an 'any' type.
app/admin/institutions/new/page.tsx(144,26): error TS7006: Parameter 'contact' implicitly has an 'any' type.
app/admin/institutions/new/page.tsx(144,34): error TS7006: Parameter 'index' implicitly has an 'any' type.
app/admin/institutions/page.tsx(3,37): error TS2307: Cannot find module 'react' or its corresponding type declarations.
app/admin/institutions/page.tsx(10,8): error TS2307: Cannot find module 'lucide-react' or its corresponding type declarations.
app/admin/institutions/page.tsx(12,18): error TS2307: Cannot find module 'next/link' or its corresponding type declarations.
app/admin/institutions/page.tsx(143,17): error TS7006: Parameter 'i' implicitly has an 'any' type.
app/admin/institutions/page.tsx(242,32): error TS7006: Parameter 'inst' implicitly has an 'any' type.
app/admin/institutions/page.tsx(242,38): error TS7006: Parameter 'index' implicitly has an 'any' type.
app/admin/page.tsx(1,26): error TS2307: Cannot find module 'next/navigation' or its corresponding type declarations.
app/admin/quizzes/new/page.tsx(3,18): error TS2307: Cannot find module 'next/link' or its corresponding type declarations.
app/admin/quizzes/new/page.tsx(4,35): error TS2307: Cannot find module 'react' or its corresponding type declarations.
app/admin/quizzes/new/page.tsx(5,27): error TS2307: Cannot find module 'next/navigation' or its corresponding type declarations.
app/admin/quizzes/new/page.tsx(6,78): error TS2307: Cannot find module 'lucide-react' or its corresponding type declarations.
app/admin/quizzes/new/page.tsx(49,19): error TS7006: Parameter 'prev' implicitly has an 'any' type.
app/admin/quizzes/new/page.tsx(59,16): error TS7006: Parameter 'prev' implicitly has an 'any' type.
app/admin/quizzes/new/page.tsx(180,39): error TS7006: Parameter 'item' implicitly has an 'any' type.
app/admin/quizzes/new/page.tsx(189,45): error TS7006: Parameter 'prev' implicitly has an 'any' type.
app/admin/quizzes/new/page.tsx(189,67): error TS7006: Parameter 'domain' implicitly has an 'any' type.
app/admin/quizzes/new/page.tsx(209,43): error TS7006: Parameter 'prev' implicitly has an 'any' type.
app/admin/quizzes/new/page.tsx(220,41): error TS7006: Parameter 'item' implicitly has an 'any' type.
app/admin/quizzes/new/page.tsx(225,45): error TS7006: Parameter 'prev' implicitly has an 'any' type.
app/admin/quizzes/new/page.tsx(243,28): error TS7006: Parameter 'item' implicitly has an 'any' type.
app/admin/quizzes/new/page.tsx(249,67): error TS7006: Parameter 'prev' implicitly has an 'any' type.
app/admin/quizzes/new/page.tsx(249,89): error TS7006: Parameter 't' implicitly has an 'any' type.
app/admin/quizzes/new/page.tsx(335,33): error TS7006: Parameter 'question' implicitly has an 'any' type.
app/admin/quizzes/new/page.tsx(335,43): error TS7006: Parameter 'index' implicitly has an 'any' type.
app/admin/quizzes/new/page.tsx(344,41): error TS7006: Parameter 'prev' implicitly has an 'any' type.
app/admin/quizzes/new/page.tsx(344,63): error TS7006: Parameter 'item' implicitly has an 'any' type.
app/admin/quizzes/new/page.tsx(354,39): error TS7006: Parameter 'prev' implicitly has an 'any' type.
app/admin/quizzes/new/page.tsx(355,37): error TS7006: Parameter 'item' implicitly has an 'any' type.
app/admin/quizzes/page.tsx(3,57): error TS2307: Cannot find module 'lucide-react' or its corresponding type declarations.
app/admin/quizzes/page.tsx(4,18): error TS2307: Cannot find module 'next/link' or its corresponding type declarations.
app/admin/quizzes/page.tsx(5,46): error TS2307: Cannot find module 'react' or its corresponding type declarations.
app/admin/quizzes/page.tsx(99,28): error TS7006: Parameter 'quiz' implicitly has an 'any' type.
app/admin/quizzes/page.tsx(110,64): error TS7006: Parameter 'item' implicitly has an 'any' type.
app/admin/quizzes/page.tsx(113,39): error TS7006: Parameter 'item' implicitly has an 'any' type.
app/admin/quizzes/page.tsx(138,21): error TS7006: Parameter 'stat' implicitly has an 'any' type.
app/admin/quizzes/page.tsx(199,34): error TS7006: Parameter 'quiz' implicitly has an 'any' type.
app/admin/quizzes/page.tsx(199,40): error TS7006: Parameter 'index' implicitly has an 'any' type.
app/admin/quizzes/page.tsx(207,39): error TS7006: Parameter 'tag' implicitly has an 'any' type.
app/admin/students/bulk-upload/page.tsx(3,34): error TS2307: Cannot find module 'react' or its corresponding type declarations.
app/admin/students/bulk-upload/page.tsx(4,27): error TS2307: Cannot find module 'next/navigation' or its corresponding type declarations.
app/admin/students/bulk-upload/page.tsx(5,37): error TS2307: Cannot find module 'lucide-react' or its corresponding type declarations.
app/admin/students/bulk-upload/page.tsx(253,41): error TS7006: Parameter 's' implicitly has an 'any' type.
app/admin/students/bulk-upload/page.tsx(253,43): error TS7006: Parameter 'i' implicitly has an 'any' type.
app/admin/students/delete/[id]/page.tsx(3,37): error TS2307: Cannot find module 'react' or its corresponding type declarations.
app/admin/students/delete/[id]/page.tsx(4,38): error TS2307: Cannot find module 'next/navigation' or its corresponding type declarations.
app/admin/students/edit/[id]/page.tsx(3,37): error TS2307: Cannot find module 'react' or its corresponding type declarations.
app/admin/students/edit/[id]/page.tsx(4,38): error TS2307: Cannot find module 'next/navigation' or its corresponding type declarations.
app/admin/students/edit/[id]/page.tsx(5,19): error TS2307: Cannot find module 'lucide-react' or its corresponding type declarations.
app/admin/students/edit/[id]/page.tsx(47,16): error TS7006: Parameter 'prev' implicitly has an 'any' type.
app/admin/students/new/page.tsx(3,26): error TS2307: Cannot find module 'react' or its corresponding type declarations.
app/admin/students/new/page.tsx(4,27): error TS2307: Cannot find module 'next/navigation' or its corresponding type declarations.
app/admin/students/new/page.tsx(5,19): error TS2307: Cannot find module 'lucide-react' or its corresponding type declarations.
app/admin/students/page.tsx(3,37): error TS2307: Cannot find module 'react' or its corresponding type declarations.
app/admin/students/page.tsx(4,66): error TS2307: Cannot find module 'lucide-react' or its corresponding type declarations.
app/admin/students/page.tsx(5,18): error TS2307: Cannot find module 'next/link' or its corresponding type declarations.
app/admin/students/page.tsx(34,44): error TS7006: Parameter 'student' implicitly has an 'any' type.
app/admin/students/page.tsx(81,77): error TS7006: Parameter 's' implicitly has an 'any' type.
app/admin/students/page.tsx(126,37): error TS7006: Parameter 'student' implicitly has an 'any' type.
app/admin/students/page.tsx(126,46): error TS7006: Parameter 'index' implicitly has an 'any' type.
app/admin/tutors/delete/[id]/page.tsx(3,37): error TS2307: Cannot find module 'react' or its corresponding type declarations.
app/admin/tutors/delete/[id]/page.tsx(4,38): error TS2307: Cannot find module 'next/navigation' or its corresponding type declarations.
app/admin/tutors/edit/[id]/page.tsx(3,37): error TS2307: Cannot find module 'react' or its corresponding type declarations.
app/admin/tutors/edit/[id]/page.tsx(4,38): error TS2307: Cannot find module 'next/navigation' or its corresponding type declarations.
app/admin/tutors/edit/[id]/page.tsx(5,19): error TS2307: Cannot find module 'lucide-react' or its corresponding type declarations.
app/admin/tutors/edit/[id]/page.tsx(51,14): error TS7006: Parameter 'prev' implicitly has an 'any' type.
app/admin/tutors/edit/[id]/page.tsx(62,16): error TS7006: Parameter 'prev' implicitly has an 'any' type.
app/admin/tutors/edit/[id]/page.tsx(73,14): error TS7006: Parameter 'prev' implicitly has an 'any' type.
app/admin/tutors/edit/[id]/page.tsx(75,34): error TS7006: Parameter 'd' implicitly has an 'any' type.
app/admin/tutors/edit/[id]/page.tsx(83,16): error TS7006: Parameter 'prev' implicitly has an 'any' type.
app/admin/tutors/edit/[id]/page.tsx(94,14): error TS7006: Parameter 'prev' implicitly has an 'any' type.
app/admin/tutors/edit/[id]/page.tsx(96,36): error TS7006: Parameter 'b' implicitly has an 'any' type.
app/admin/tutors/edit/[id]/page.tsx(222,34): error TS7006: Parameter 'd' implicitly has an 'any' type.
app/admin/tutors/edit/[id]/page.tsx(222,37): error TS7006: Parameter 'i' implicitly has an 'any' type.
app/admin/tutors/edit/[id]/page.tsx(258,35): error TS7006: Parameter 'b' implicitly has an 'any' type.
app/admin/tutors/edit/[id]/page.tsx(258,38): error TS7006: Parameter 'i' implicitly has an 'any' type.
app/admin/tutors/new/page.tsx(3,26): error TS2307: Cannot find module 'react' or its corresponding type declarations.
app/admin/tutors/new/page.tsx(4,27): error TS2307: Cannot find module 'next/navigation' or its corresponding type declarations.
app/admin/tutors/page.tsx(3,45): error TS2307: Cannot find module 'react' or its corresponding type declarations.
app/admin/tutors/page.tsx(4,18): error TS2307: Cannot find module 'next/link' or its corresponding type declarations.
app/admin/tutors/page.tsx(13,8): error TS2307: Cannot find module 'lucide-react' or its corresponding type declarations.
app/admin/users/page.tsx(3,26): error TS2307: Cannot find module 'react' or its corresponding type declarations.
app/admin/users/page.tsx(4,18): error TS2307: Cannot find module 'next/link' or its corresponding type declarations.
app/admin/users/page.tsx(335,47): error TS7006: Parameter 'p' implicitly has an 'any' type.
app/admin/users/page.tsx(360,47): error TS7006: Parameter 'p' implicitly has an 'any' type.
app/api/health/route.ts(1,30): error TS2307: Cannot find module 'next/server' or its corresponding type declarations.
app/error.tsx(3,27): error TS2307: Cannot find module 'react' or its corresponding type declarations.
app/page.tsx(1,26): error TS2307: Cannot find module 'next/navigation' or its corresponding type declarations.
app/quiz/page.tsx(1,26): error TS2307: Cannot find module 'next/navigation' or its corresponding type declarations.
components/sidebar/nav-main.tsx(3,18): error TS2307: Cannot find module 'next/link' or its corresponding type declarations.
components/sidebar/nav-main.tsx(4,29): error TS2307: Cannot find module 'next/navigation' or its corresponding type declarations.
courseplatform/app/admin/assignments/page.tsx(11,35): error TS2307: Cannot find module '@/components/sidebar/CreateAssignmentModal' or its corresponding type declarations.
courseplatform/app/admin/courses/create/lesson/page.tsx(26,28): error TS2307: Cannot find module '@/components/modals/ResourceModals' or its corresponding type declarations.
courseplatform/app/admin/courses/create/lesson/page.tsx(27,57): error TS2307: Cannot find module '@/components/ui/popover' or its corresponding type declarations.
courseplatform/app/admin/courses/create/lesson/page.tsx(28,93): error TS2307: Cannot find module '@/components/ui/command' or its corresponding type declarations.
courseplatform/app/admin/courses/create/lesson/page.tsx(163,57): error TS7006: Parameter 'open' implicitly has an 'any' type.
courseplatform/app/admin/courses/create/lesson/page.tsx(229,63): error TS7006: Parameter 'open' implicitly has an 'any' type.
courseplatform/app/admin/courses/create/module/page.tsx(27,28): error TS2307: Cannot find module '@/components/modals/ResourceModals' or its corresponding type declarations.
courseplatform/app/admin/courses/create/module/page.tsx(28,57): error TS2307: Cannot find module '@/components/ui/popover' or its corresponding type declarations.
courseplatform/app/admin/courses/create/module/page.tsx(29,93): error TS2307: Cannot find module '@/components/ui/command' or its corresponding type declarations.
courseplatform/app/admin/courses/create/module/page.tsx(131,57): error TS7006: Parameter 'open' implicitly has an 'any' type.
courseplatform/app/admin/courses/create/module/page.tsx(198,63): error TS7006: Parameter 'open' implicitly has an 'any' type.
courseplatform/app/admin/courses/create/topic/page.tsx(25,28): error TS2307: Cannot find module '@/components/modals/ResourceModals' or its corresponding type declarations.
courseplatform/app/admin/courses/page.tsx(11,31): error TS2307: Cannot find module '@/components/sidebar/CreateDomainModel' or its corresponding type declarations.
courseplatform/app/layout.tsx(3,20): error TS2307: Cannot find module '@/lib/utils' or its corresponding type declarations.
courseplatform/components/modals/ResourceModals.tsx(5,80): error TS2307: Cannot find module '@/components/ui/dialog' or its corresponding type declarations.
courseplatform/components/modals/ResourceModals.tsx(6,23): error TS2307: Cannot find module '@/components/ui/input' or its corresponding type declarations.
courseplatform/components/modals/ResourceModals.tsx(7,24): error TS2307: Cannot find module '@/components/ui/button' or its corresponding type declarations.
courseplatform/components/modals/ResourceModals.tsx(34,42): error TS7006: Parameter 'open' implicitly has an 'any' type.
courseplatform/components/modals/ResourceModals.tsx(83,24): error TS7006: Parameter 'e' implicitly has an 'any' type.
courseplatform/components/modals/ResourceModals.tsx(160,24): error TS7006: Parameter 'e' implicitly has an 'any' type.
courseplatform/components/modals/ResourceModals.tsx(245,24): error TS7006: Parameter 'e' implicitly has an 'any' type.
courseplatform/components/modals/ResourceModals.tsx(288,26): error TS7006: Parameter 'e' implicitly has an 'any' type.
courseplatform/components/modals/ResourceModals.tsx(336,24): error TS7006: Parameter 'e' implicitly has an 'any' type.
courseplatform/components/modals/ResourceModals.tsx(348,26): error TS7006: Parameter 'e' implicitly has an 'any' type.
courseplatform/components/sidebar/CreateAssignmentModal.tsx(5,80): error TS2307: Cannot find module '@/components/ui/dialog' or its corresponding type declarations.
courseplatform/components/sidebar/CreateAssignmentModal.tsx(6,23): error TS2307: Cannot find module '@/components/ui/input' or its corresponding type declarations.
courseplatform/components/sidebar/CreateAssignmentModal.tsx(7,24): error TS2307: Cannot find module '@/components/ui/button' or its corresponding type declarations.
courseplatform/components/sidebar/CreateAssignmentModal.tsx(49,42): error TS7006: Parameter 'open' implicitly has an 'any' type.
courseplatform/components/sidebar/CreateAssignmentModal.tsx(77,30): error TS7006: Parameter 'e' implicitly has an 'any' type.
courseplatform/components/sidebar/CreateAssignmentModal.tsx(156,34): error TS7006: Parameter 'e' implicitly has an 'any' type.
courseplatform/components/sidebar/CreateAssignmentModal.tsx(164,34): error TS7006: Parameter 'e' implicitly has an 'any' type.
courseplatform/components/sidebar/CreateDomainModel.tsx(5,80): error TS2307: Cannot find module '@/components/ui/dialog' or its corresponding type declarations.
courseplatform/components/sidebar/CreateDomainModel.tsx(6,23): error TS2307: Cannot find module '@/components/ui/input' or its corresponding type declarations.
courseplatform/components/sidebar/CreateDomainModel.tsx(7,24): error TS2307: Cannot find module '@/components/ui/button' or its corresponding type declarations.
courseplatform/components/sidebar/CreateDomainModel.tsx(44,42): error TS7006: Parameter 'open' implicitly has an 'any' type.
courseplatform/components/sidebar/CreateDomainModel.tsx(59,26): error TS7006: Parameter 'e' implicitly has an 'any' type.
courseplatform/components/sidebar/CreateDomainModel.tsx(99,28): error TS7006: Parameter 'e' implicitly has an 'any' type.
courseplatform/components/ui/badge.tsx(5,20): error TS2307: Cannot find module '@/lib/utils' or its corresponding type declarations.
courseplatform/components/ui/button.tsx(6,20): error TS2307: Cannot find module '@/lib/utils' or its corresponding type declarations.
courseplatform/components/ui/command.tsx(6,20): error TS2307: Cannot find module '@/lib/utils' or its corresponding type declarations.
courseplatform/components/ui/command.tsx(13,8): error TS2307: Cannot find module '@/components/ui/dialog' or its corresponding type declarations.
courseplatform/components/ui/command.tsx(17,8): error TS2307: Cannot find module '@/components/ui/input-group' or its corresponding type declarations.
courseplatform/components/ui/dialog.tsx(6,20): error TS2307: Cannot find module '@/lib/utils' or its corresponding type declarations.
courseplatform/components/ui/dialog.tsx(7,24): error TS2307: Cannot find module '@/components/ui/button' or its corresponding type declarations.
courseplatform/components/ui/input-group.tsx(6,20): error TS2307: Cannot find module '@/lib/utils' or its corresponding type declarations.
courseplatform/components/ui/input-group.tsx(7,24): error TS2307: Cannot find module '@/components/ui/button' or its corresponding type declarations.
courseplatform/components/ui/input-group.tsx(8,23): error TS2307: Cannot find module '@/components/ui/input' or its corresponding type declarations.
courseplatform/components/ui/input-group.tsx(9,26): error TS2307: Cannot find module '@/components/ui/textarea' or its corresponding type declarations.
courseplatform/components/ui/input.tsx(4,20): error TS2307: Cannot find module '@/lib/utils' or its corresponding type declarations.
courseplatform/components/ui/popover.tsx(6,20): error TS2307: Cannot find module '@/lib/utils' or its corresponding type declarations.
courseplatform/components/ui/separator.tsx(5,20): error TS2307: Cannot find module '@/lib/utils' or its corresponding type declarations.
courseplatform/components/ui/textarea.tsx(3,20): error TS2307: Cannot find module '@/lib/utils' or its corresponding type declarations.
next.config.ts(1,33): error TS2307: Cannot find module 'next' or its corresponding type declarations.
public/components/ui/table.tsx(3,26): error TS2307: Cannot find module 'react' or its corresponding type declarations.
